[INFO] Scanning for projects...
[INFO] 
[INFO] -------------------------< com.pgkart:pgkart >--------------------------
[INFO] Building pgkart 1.0.0
[INFO]   from pom.xml
[INFO] --------------------------------[ jar ]---------------------------------
[INFO] 
[INFO] --- resources:3.3.1:resources (default-resources) @ pgkart ---
[INFO] Copying 1 resource from src\main\resources to target\classes
[INFO] Copying 5 resources from src\main\resources to target\classes
[INFO] 
[INFO] --- compiler:3.14.0:compile (default-compile) @ pgkart ---
[INFO] Nothing to compile - all classes are up to date.
[INFO] ------------------------------------------------------------------------
[INFO] BUILD SUCCESS
[INFO] ------------------------------------------------------------------------
[INFO] Total time:  2.189 s
[INFO] Finished at: 2026-06-10T12:44:05+05:30
[INFO] ------------------------------------------------------------------------
